horrid,1
basement,5
abbey,1
recursiveness,1
elastic,1
macrographies,1