horrid,1
basement,1
abbey,1
recursiveness,1
elastic,1
macrographies,1