horrid,0
basement,0
abbey,1
recursiveness,0
elastic,0
macrographies,0
a,3
aardvark,1
aardvark's,1
aardvarks,1
abaci,1
aback,1
abacus,2
abacus's,2
abacuses,2
abaft,0
abalone,1
abalone's,1
abalones,1
abandon,1
abandoned,0
abandoning,0
abandonment,1
abandonment's,1
abandons,1
abase,13
abased,13
abasement,4
abasement's,4
abases,13
abash,13
abashed,13
abashes,13
abashing,3
abasing,3
abate,13
abated,13
abatement,4
abatement's,4
abates,13
abating,3
abattoir,1
abattoir's,1
abattoirs,1
abbess,2
abbess's,2
abbesses,2
abbey,1
abbey's,1
abbeys,1
abbot,1
abbot's,1
abbots,1
abbreviate,2
abbreviated,2
abbreviates,2
abbreviating,0
abbreviation,1
abbreviation's,1
abbreviations,1
abbé,1
abbé's,1
abbés,1
abdicate,2
abdicated,2
abdicates,2
abdicating,0
abdication,1
abdication's,1
abdications,1
abdomen,1
abdomen's,1
abdomens,1
abdominal,0
abduct,1
abducted,0
abducting,0
abduction,1
abduction's,1
abductions,1
abductor,1
abductor's,1
abductors,1
abducts,1
abeam,0
abed,26
aberrant,0
aberration,1
aberration's,1
aberrations,1
abet,26
abets,26
abetted,5
abetter,5
abetter's,5
abetters,5
abetting,1
abettor,5
abettor's,5
abettors,5
abeyance,1
abeyance's,1
abhor,1
abhorred,0
abhorrence,1
abhorrence's,1
abhorrent,0
abhorring,0
abhors,1
abide,6
abided,6
abides,6
abiding,0
abilities,0
ability,1
ability's,1
abject,0
abjectly,0
abjuration,1
abjuration's,1
abjurations,1
abjure,2
abjured,2
abjures,2
abjuring,0
ablative,1
ablative's,1
ablatives,1
ablaze,0
able,2
abler,2
ablest,0
abloom,0
ablution,1
ablution's,1
ablutions,1
ably,2
abnegate,2
abnegated,2
abnegates,2
abnegating,0
abnegation,1
abnegation's,1
abnormal,0
abnormalities,0
abnormality,1
abnormality's,1
abnormally,0
aboard,0
abode,6
abode's,6
abodes,6
abolish,0
abolished,1
abolishes,1
abolishing,0
abolition,1
abolition's,1
abolitionist,1
abolitionist's,1
abolitionists,1
abominable,1
abominably,1
abominate,2
abominated,2
abominates,2
abominating,0
abomination,1
abomination's,1
abominations,1
aboriginal,1
aboriginal's,1
aboriginals,1
aborigine,1
aborigine's,1
aborigines,1
abort,26
aborted,0
aborting,0
abortion,1
abortion's,1
abortionist,1
abortionist's,1
abortionists,1
abortions,1
abortive,0
aborts,26
abound,1
abounded,0
abounding,0
abounds,1
about,26
above,6
above's,6
aboveboard,0
abracadabra,1
abracadabra's,1
abrade,2
abraded,2
abrades,2
abrading,0
abrasion,1
abrasion's,1
abrasions,1
abrasive,1
abrasive's,1
abrasively,0
abrasiveness,1
abrasiveness's,1
abrasives,1
abreast,0
abridge,2
abridged,2
abridgement,3
abridgement's,3
abridgements,3
abridges,2
abridging,0
abridgment,1
abridgment's,1
abridgments,1
abroad,0
abrogate,2
abrogated,2
abrogates,2
abrogating,0
abrogation,1
abrogation's,1
abrogations,1
abrupt,0
abrupter,0
abruptest,0
abruptly,0
abruptness,1
abruptness's,1
abscess,3
abscess's,3
abscessed,3
abscesses,3
abscessing,0
abscissa,2
abscissa's,2
abscissae,2
abscissas,2
abscond,1
absconded,0
absconding,0
absconds,1
absence,1
absence's,1
absences,1
absent,1
absented,2
absentee,2
absentee's,2
absenteeism,1
absenteeism's,1
absentees,2
absenting,0
absently,0
absents,1
absinth,3
absinth's,3
absinthe,3
absinthe's,3
absolute,2
absolute's,2
absolutely,0
absolutes,2
absolutest,2
absolution,1
absolution's,1
absolutism,1
absolutism's,1
absolve,2
absolved,2
absolves,2
absolving,0
absorb,1
absorbed,0
absorbency,1
absorbency's,1
absorbent,1
absorbent's,1
absorbents,1
absorbing,0
absorbs,1
absorption,1
absorption's,1
abstain,1
abstained,2
abstainer,2
abstainer's,2
abstainers,2
abstaining,0
abstains,1
abstemious,0
abstention,1
abstention's,1
abstentions,1
abstinence,1
abstinence's,1
abstinent,0
abstract,1
abstract's,1
abstracted,0
abstractedly,0
abstracting,0
abstraction,1
abstraction's,1
abstractions,1
abstractly,0
abstractness,2
abstractness's,2
abstractnesses,2
abstracts,1
abstruse,0
abstrusely,0
abstruseness,1
abstruseness's,1
absurd,0
absurder,0
absurdest,0
absurdities,0
absurdity,1
absurdity's,1
absurdly,0
abundance,1
abundance's,1
abundances,1
abundant,0
abundantly,0
abuse,13
abuse's,13
abused,13
abuser,13
abuser's,13
abusers,13
abuses,13
abusing,3
abusive,0
abusively,0
abusiveness,1
abusiveness's,1
abut,26
abutment,1
abutment's,1
abutments,1
abuts,26
abutted,5
abutting,1
abuzz,0
abysmal,0
abysmally,0
abyss,2
abyss's,2
abysses,2
acacia,1
acacia's,1
acacias,1
academia,4
academia's,4
academic,4
academic's,4
academical,0
academically,0
academician,1
academician's,1
academicians,1
academics,4
academies,4
academy,1
academy's,1
acanthi,0
acanthus,2
acanthus's,2
acanthuses,2
accede,2
acceded,2
accedes,2
acceding,0
accelerate,2
accelerated,2
accelerates,2
accelerating,0
acceleration,1
acceleration's,1
accelerations,1
accelerator,1
accelerator's,1
accelerators,1
accent,3
accent's,3
accented,1
accenting,1
accents,3
accentuate,2
accentuated,2
accentuates,2
accentuating,0
accentuation,1
accentuation's,1
accept,3
acceptability,1
acceptability's,1
acceptable,1
acceptably,1
acceptance,1
acceptance's,1
acceptances,1
accepted,1
accepting,1
accepts,3
access,3
access's,3
accessed,3
accesses,3
accessibility,1
accessibility's,1
accessible,1
accessibly,1
accessing,0
accession,1
accession's,1
accessioned,0
accessioning,0
accessions,1
accessories,0
accessory,1
accessory's,1
accident,1
accident's,1
accidental,1
accidental's,1
accidentally,0
accidentals,1
accidents,1
acclaim,1
acclaim's,1
acclaimed,0
acclaiming,0
acclaims,1
acclamation,3
acclamation's,3
acclimate,2
acclimated,2
acclimates,2
acclimating,0
acclimation,3
acclimation's,3
acclimatization,1
acclimatization's,1
acclimatize,2
acclimatized,2
acclimatizes,2
acclimatizing,0
accolade,1
accolade's,1
accolades,1
accommodate,2
accommodated,2
accommodates,2
accommodating,0
accommodation,1
accommodation's,1
accommodations,1
accompanied,1
accompanies,1
accompaniment,1
accompaniment's,1
accompaniments,1
accompanist,1
accompanist's,1
accompanists,1
accompany,0
accompanying,0
accomplice,1
accomplice's,1
accomplices,1
accomplish,0
accomplished,1
accomplishes,1
accomplishing,0
accomplishment,1
accomplishment's,1
accomplishments,1
accord,1
accord's,1
accordance,1
accordance's,1
accorded,0
according,0
accordingly,0
accordion,1
accordion's,1
accordions,1
accords,1
accost,1
accost's,1
accosted,0
accosting,0
accosts,1
account,1
account's,1
accountability,1
accountability's,1
accountable,0
accountancy,1
accountancy's,1
accountant,1
accountant's,1
accountants,1
accounted,0
accounting,1
accounting's,1
accounts,1
accouterments,1
accouterments's,1
accoutrements,0
accredit,1
accreditation,1
accreditation's,1
accredited,0
accrediting,0
accredits,1
accretion,1
accretion's,1
accretions,1
accrual,1
accrual's,1
accruals,1
accrue,2
accrued,2
accrues,2
accruing,0
acculturation,1
acculturation's,1
accumulate,2
accumulated,2
accumulates,2
accumulating,0
accumulation,1
accumulation's,1
accumulations,1
accumulative,0
accumulator,0
accuracy,1
accuracy's,1
accurate,0
accurately,0
accurateness,1
accurateness's,1
accursed,5
accurst,0
accusation,1
accusation's,1
accusations,1
accusative,1
accusative's,1
accusatives,1
accusatory,0
accuse,5
accused,5
accuser,5
accuser's,5
accusers,5
accuses,5
accusing,0
accusingly,0
accustom,1
accustomed,0
accustoming,0
accustoms,1
ace,26
ace's,26
aced,26
acerbic,0
acerbity,1
acerbity's,1
aces,26
acetaminophen,1
acetaminophen's,1
acetate,1
acetate's,1
acetates,1
acetic,0
acetone,1
acetone's,1
acetylene,1
acetylene's,1
ache,26
ache's,26
ached,26
aches,26
achier,0
achiest,0
achievable,0
achieve,4
achieved,4
achievement,1
achievement's,1
achievements,1
achiever,4
achiever's,4
achievers,4
achieves,4
achieving,0
aching,3
achoo,1
achoo's,1
achromatic,0
achy,26
acid,26
acid's,26
acidic,0
acidified,1
acidifies,1
acidify,2
acidifying,0
acidity,2
acidity's,2
acidly,0
acids,26
acidulous,0
acing,3
acknowledge,2
acknowledged,2
acknowledgement,3
acknowledgement's,3
acknowledgements,3
acknowledges,2
acknowledging,0
acknowledgment,1
acknowledgment's,1
acknowledgments,1
acme,26
acme's,26
acmes,26
acne,26
acne's,26
acolyte,1
acolyte's,1
acolytes,1
aconite,1
aconite's,1
aconites,1
acorn,1
acorn's,1
acorns,1
acoustic,2
acoustical,0
acoustically,0
acoustics,2
acoustics's,2
acquaint,1
acquaintance,1
acquaintance's,1
acquaintances,1
acquainted,0
acquainting,0
acquaints,1
acquiesce,2
acquiesced,2
acquiescence,1
acquiescence's,1
acquiescent,0
acquiesces,2
acquiescing,0
acquirable,0
acquire,2
acquired,2
acquirement,1
acquirement's,1
acquires,2
acquiring,0
acquisition,1
acquisition's,1
acquisitions,1
acquisitive,0
acquisitiveness,1
acquisitiveness's,1
acquit,1
acquits,1
acquittal,1
acquittal's,1
acquittals,1
acquitted,0
acquitting,0
acre,26
acre's,26
acreage,1
acreage's,1
acreages,1
acres,26
acrid,26
acrider,0
acridest,0
acrimonious,0
acrimony,1
acrimony's,1
acrobat,1
acrobat's,1
acrobatic,2
acrobatics,2
acrobatics's,2
acrobats,1
acronym,1
acronym's,1
acronyms,1
across,0
acrostic,1
acrostic's,1
acrostics,1
acrylic,1
acrylic's,1
acrylics,1
act,26
act's,26
acted,26
acting,3
acting's,3
actinium,1
actinium's,1
action,1
action's,1
actionable,0
actions,1
activate,2
activated,2
activates,2
activating,0
activation,1
activation's,1
active,1
active's,1
actively,0
actives,1
activism,3
activism's,3
activist,3
activist's,3
activists,3
activities,0
activity,1
activity's,1
actor,1
actor's,1
actors,1
actress,2
actress's,2
actresses,2
acts,26
actual,0
actualities,0
actuality,1
actuality's,1
actualization,1
actualization's,1
actualize,2
actualized,2
actualizes,2
actualizing,0
actually,0
actuarial,0
actuaries,0
actuary,1
actuary's,1
actuate,2
actuated,2
actuates,2
actuating,0
actuator,1
actuator's,1
actuators,1
acuity,1
acuity's,1
acumen,1
acumen's,1
acupuncture,1
acupuncture's,1
acupuncturist,1
acupuncturist's,1
acupuncturists,1
acute,3
acute's,3
acutely,0
acuteness,1
acuteness's,1
acuter,3
acutes,3
acutest,3
ad,3
ad's,3
adage,1
adage's,1
adages,1
adagio,1
adagio's,1
adagios,1
adamant,1
adamant's,1
adamantly,0
adapt,1
adaptability,1
adaptability's,1
adaptable,0
adaptation,1
adaptation's,1
adaptations,1
adapted,4
adapter,4
adapter's,4
adapters,4
adapting,0
adaptive,0
adaptor,4
adaptor's,4
adaptors,4
adapts,1
add,3
added,4
addend,4
addend's,4
addenda,4
addends,4
addendum,1
addendum's,1
addendums,1
adder,4
