horrid,1
basement,11
abbey,2
recursiveness,1
elastic,1
macrographies,1